// Jest Snapshot v1, https://goo.gl/fbAQLP

exports[`Pruebas en el Entry Component debe hacer match con el snapshot 1`] = `
<div class="entry-container mb-3 pointer p-2">
  <!-- Titulo -->
  <div class="entry-title d-flex"><span class="mx-1 fs-5">Jueves,</span><span class="text-success fs-5 fw-bold">30</span><span class="mx-1 fs-5"> de Septiembre de</span><span class="mx-1 fs-5">2021</span></div>
  <div class="entry-description">este es mi diario</div>
</div>
`;
