// Jest Snapshot v1, https://goo.gl/fbAQLP

exports[`Pruebas en el EntryView debe mostrar la entrada correctamente 1`] = `
<div class="entry-title d-flex justify-content-between p-2">
  <div><span class="mx-1 fs-5">Jueves,</span><span class="text-success fs-5 fw-bold">30</span><span class="mx-1 fs-5"> de Septiembre de</span><span class="mx-1 fs-5">2021</span></div>
  <div><input type="file" accept="image/png, image/jpeg" style="display: none;"><button class="btn btn-danger mx-2"> Borrar <i class="fa fa-trash-alt"></i></button><button class="btn btn-primary"> Subir foto <i class="fa fa-upload"></i></button></div>
</div>
<hr>
<div class="d-flex flex-column px-3 h-75"><textarea placeholder="¿Que sucedió hoy?"></textarea></div>
<fab-stub icon="fa-save"></fab-stub><img src="https://res.cloudinary.com/dbmvt3wlh/image/upload/v1633014673/daybook/wveyzwfxqslc0ntnzdtc.jpg" alt="entry-picture" class="img-thumbnail">
<!--v-if-->
`;
